{"version":1,"last_modified":1646222400}
{"version":2,"last_modified":1646223300}
{"version":3,"last_modified":1646224200}
{"version":4,"last_modified":1646225100}