{"index_key":1,"id":10000,"version":1,"last_modified":1646222400}
{"index_key":1,"id":10000,"version":2,"last_modified":1646223300}
{"index_key":1,"id":10000,"version":3,"last_modified":1646224200}
{"index_key":1,"id":10000,"version":4,"last_modified":1646225100}