{"index_key":1,"id":10000,"version":1,"last_modified":1646222400}
{"index_key":1,"id":10000,"version":2,"last_modified":1646223300}
{"index_key":1,"id":10000,"version":3,"last_modified":1646224200}
{"index_key":1,"id":10000,"version":4,"last_modified":1646225100}
{"index_key":2,"id":10001,"version":1,"last_modified":1646222400}
{"index_key":2,"id":10001,"version":2,"last_modified":1646223300}
{"index_key":2,"id":10001,"version":3,"last_modified":1646224200}
{"index_key":2,"id":10001,"version":4,"last_modified":1646225100}
{"index_key":3,"id":10002,"version":1,"last_modified":1646222400}
{"index_key":3,"id":10002,"version":2,"last_modified":1646223300}
{"index_key":3,"id":10002,"version":3,"last_modified":1646224200}
{"index_key":3,"id":10002,"version":4,"last_modified":1646225100}
{"index_key":4,"id":10003,"version":1,"last_modified":1646222400}
{"index_key":4,"id":10003,"version":2,"last_modified":1646223300}
{"index_key":4,"id":10003,"version":3,"last_modified":1646224200}
{"index_key":4,"id":10003,"version":4,"last_modified":1646225100}
{"index_key":5,"id":10004,"version":1,"last_modified":1646222400}
{"index_key":5,"id":10004,"version":2,"last_modified":1646223300}
{"index_key":5,"id":10004,"version":3,"last_modified":1646224200}
{"index_key":5,"id":10004,"version":4,"last_modified":1646225100}
{"index_key":6,"id":10005,"version":1,"last_modified":1646222400}
{"index_key":6,"id":10005,"version":2,"last_modified":1646223300}
{"index_key":6,"id":10005,"version":3,"last_modified":1646224200}
{"index_key":6,"id":10005,"version":4,"last_modified":1646225100}